00:00 +0: loading C:/Users/User/Documents/Gemini3Pro/frontend/test/widget_test.dart
00:00 +0: VeriScan UI smoke test
══╡ EXCEPTION CAUGHT BY RENDERING LIBRARY ╞═════════════════════════════════════════════════════════
The following assertion was thrown during layout:
A RenderFlex overflowed by 26 pixels on the right.

The relevant error-causing widget was:
  Row Row:file:///C:/Users/User/Documents/Gemini3Pro/frontend/lib/widgets/glass_action_bar.dart:35:16

The overflowing RenderFlex has an orientation of Axis.horizontal.
The edge of the RenderFlex that is overflowing has been marked in the rendering with a yellow and
black striped pattern. This is usually caused by the contents being too big for the RenderFlex.
Consider applying a flex factor (e.g. using an Expanded widget) to force the children of the
RenderFlex to fit within the available space instead of being sized to their natural size.
This is considered an error condition because it indicates that there is content that cannot be
seen. If the content is legitimately bigger than the available space, consider clipping it with a
ClipRect widget before putting it in the flex, or using a scrollable container rather than a Flex,
like a ListView.
The specific RenderFlex in question is: RenderFlex#3ccc7 relayoutBoundary=up4 OVERFLOWING:
  needs compositing
  creator: Row ← MediaQuery ← Padding ← SafeArea ← Padding ← DecoratedBox ← Container ← GlassActionBar
    ← Positioned ← Stack ← Expanded ← Row ← ⋯
  parentData: offset=Offset(0.0, 0.0) (can use size)
  constraints: BoxConstraints(w=159.3, 0.0<=h<=Infinity)
  size: Size(159.3, 56.0)
  direction: horizontal
  mainAxisAlignment: start
  mainAxisSize: max
  crossAxisAlignment: center
  textDirection: ltr
  verticalDirection: down
  spacing: 0.0
◢◤◢◤◢◤◢◤◢◤◢◤◢◤◢◤◢◤◢◤◢◤◢◤◢◤◢◤◢◤◢◤◢◤◢◤◢◤◢◤◢◤◢◤◢◤◢◤◢◤◢◤◢◤◢◤◢◤◢◤◢◤◢◤◢◤◢◤◢◤◢◤◢◤◢◤◢◤◢◤◢◤◢◤◢◤◢◤◢◤◢◤◢◤◢◤◢◤◢◤
════════════════════════════════════════════════════════════════════════════════════════════════════
00:01 +0 -1: VeriScan UI smoke test [E]
  Test failed. See exception logs above.
  The test description was: VeriScan UI smoke test
  
00:01 +0 -1: Some tests failed.
